2025-07-21 21:38:06 [main] INFO  io.github.bonigarcia.wdm.WebDriverManager - Using chromedriver 138.0.7204.157 (resolved driver for Chrome 138)
2025-07-21 21:38:06 [main] INFO  io.github.bonigarcia.wdm.WebDriverManager - Exporting webdriver.chrome.driver as C:\Users\donys\.cache\selenium\chromedriver\win32\138.0.7204.157\chromedriver.exe
2025-07-21 21:38:13 [main] INFO  com.nonRunnable.BaseClass - In enterUserName
2025-07-21 21:38:13 [main] INFO  com.nonRunnable.BaseClass - User entered the UserName
2025-07-21 21:38:13 [main] INFO  com.nonRunnable.BaseClass - User entered the Password
2025-07-21 21:38:14 [main] INFO  com.nonRunnable.BaseClass - User successfully logged in
2025-07-21 21:38:14 [main] INFO  com.nonRunnable.BaseClass - User Selected Location
2025-07-21 21:38:15 [main] INFO  com.nonRunnable.BaseClass - User Selected Hotel
2025-07-21 21:38:15 [main] INFO  com.nonRunnable.BaseClass - User Selected RoomType
2025-07-21 21:38:15 [main] INFO  com.nonRunnable.BaseClass - User Selected Number of Rooms
2025-07-21 21:38:15 [main] INFO  com.nonRunnable.BaseClass - User Selected Checkin Date
2025-07-21 21:38:15 [main] INFO  com.nonRunnable.BaseClass - User Selected Checkin Date
2025-07-21 21:38:15 [main] INFO  com.nonRunnable.BaseClass - User Selected Adults
2025-07-21 21:38:15 [main] INFO  com.nonRunnable.BaseClass - User Selected Children
2025-07-21 21:38:15 [main] INFO  com.nonRunnable.BaseClass - User successfully move to nextpage
2025-07-21 21:38:17 [main] INFO  com.nonRunnable.BaseClass - User clicked radiobutton
2025-07-21 21:38:18 [main] INFO  com.nonRunnable.BaseClass - User clicked continue button
2025-07-21 21:38:18 [main] INFO  com.nonRunnable.BaseClass - User entered firstname
2025-07-21 21:38:18 [main] INFO  com.nonRunnable.BaseClass - User entered lastname
2025-07-21 21:38:18 [main] INFO  com.nonRunnable.BaseClass - User entered billing address
2025-07-21 21:38:19 [main] INFO  com.nonRunnable.BaseClass - User entered creditcard number
2025-07-21 21:38:19 [main] INFO  com.nonRunnable.BaseClass - User Selected creditcard type
2025-07-21 21:38:19 [main] INFO  com.nonRunnable.BaseClass - User Selected expiry month
2025-07-21 21:38:19 [main] INFO  com.nonRunnable.BaseClass - User Selected expiry year
2025-07-21 21:38:19 [main] INFO  com.nonRunnable.BaseClass - User entered Cvv number
2025-07-21 21:38:20 [main] INFO  com.nonRunnable.BaseClass - User successfully booked a room.
2025-07-21 21:38:27 [main] INFO  com.nonRunnable.BaseClass - User clicked logout button
2025-07-21 21:38:28 [main] INFO  com.nonRunnable.BaseClass - User successfully navigates to homepage
2025-08-04 11:28:43 [main] INFO  io.github.bonigarcia.wdm.WebDriverManager - Using chromedriver 138.0.7204.183 (resolved driver for Chrome 138)
2025-08-04 11:28:43 [main] INFO  io.github.bonigarcia.wdm.WebDriverManager - Exporting webdriver.chrome.driver as C:\Users\donys\.cache\selenium\chromedriver\win32\138.0.7204.183\chromedriver.exe
2025-08-04 11:28:50 [main] INFO  com.nonRunnable.BaseClass - In enterUserName
2025-08-04 11:28:50 [main] INFO  com.nonRunnable.BaseClass - User entered the UserName
2025-08-04 11:28:50 [main] INFO  com.nonRunnable.BaseClass - User entered the Password
2025-08-04 11:28:50 [main] INFO  com.nonRunnable.BaseClass - User successfully logged in
2025-08-04 11:28:52 [main] INFO  com.nonRunnable.BaseClass - User Selected Location
2025-08-04 11:28:52 [main] INFO  com.nonRunnable.BaseClass - User Selected Hotel
2025-08-04 11:28:52 [main] INFO  com.nonRunnable.BaseClass - User Selected RoomType
2025-08-04 11:28:52 [main] INFO  com.nonRunnable.BaseClass - User Selected Number of Rooms
2025-08-04 11:28:52 [main] INFO  com.nonRunnable.BaseClass - User Selected Checkin Date
2025-08-04 11:28:52 [main] INFO  com.nonRunnable.BaseClass - User Selected Checkin Date
2025-08-04 11:28:52 [main] INFO  com.nonRunnable.BaseClass - User Selected Adults
2025-08-04 11:28:53 [main] INFO  com.nonRunnable.BaseClass - User Selected Children
2025-08-04 11:28:53 [main] INFO  com.nonRunnable.BaseClass - User successfully move to nextpage
2025-08-04 11:28:53 [main] INFO  com.nonRunnable.BaseClass - User clicked radiobutton
2025-08-04 11:28:54 [main] INFO  com.nonRunnable.BaseClass - User clicked continue button
2025-08-04 11:28:55 [main] INFO  com.nonRunnable.BaseClass - User entered firstname
2025-08-04 11:28:55 [main] INFO  com.nonRunnable.BaseClass - User entered lastname
2025-08-04 11:28:55 [main] INFO  com.nonRunnable.BaseClass - User entered billing address
2025-08-04 11:28:56 [main] INFO  com.nonRunnable.BaseClass - User entered creditcard number
2025-08-04 11:28:56 [main] INFO  com.nonRunnable.BaseClass - User Selected creditcard type
2025-08-04 11:28:56 [main] INFO  com.nonRunnable.BaseClass - User Selected expiry month
2025-08-04 11:28:57 [main] INFO  com.nonRunnable.BaseClass - User Selected expiry year
2025-08-04 11:28:57 [main] INFO  com.nonRunnable.BaseClass - User entered Cvv number
2025-08-04 11:28:57 [main] INFO  com.nonRunnable.BaseClass - User successfully booked a room.
2025-08-04 11:29:03 [main] INFO  com.nonRunnable.BaseClass - User clicked logout button
2025-08-04 11:29:03 [main] INFO  com.nonRunnable.BaseClass - User successfully navigates to homepage
